[2026-06-13 22:44:37.351] [DEBUG] [DB] [0x2628] ..\..\..\core\database\DatabaseTableManager.cpp:15 - DatabaseTableManager::DatabaseTableManager(const QString&, const QString&, const QString&, QObject*): DatabaseTableManager 构造，表名:"Words"
[2026-06-13 22:44:37.357] [INFO] [DB] [0x2628] ..\..\..\core\database\DatabaseTableManager.cpp:54 - DatabaseTableManager::DatabaseTableManager(const QString&, const QString&, const QString&, QObject*): 数据库连接成功，表名:"Words" 路径:"euwe_words.db"
[2026-06-13 22:44:37.358] [DEBUG] [DB] [0x2628] ..\..\..\core\database\DatabaseTableManager.cpp:133 - bool DatabaseTableManager::createTableIfNotExists(const QString&): 执行DDL成功:"CREATE TABLE IF NOT EXISTS Words (id INTEGER PRIMA"...
[2026-06-13 22:44:37.359] [INFO] [DB] [0x2628] ..\..\..\core\database\WordDatabaseManager.cpp:35 - WordDatabaseManager::WordDatabaseManager(const QString&, const QString&, const QString&, QObject*): Words 表已就绪，表名:"Words"
[2026-06-13 22:44:37.359] [DEBUG] [DB] [0x2628] ..\..\..\core\dictionary\LookupService.cpp:13 - LookupService::LookupService(const QSqlDatabase&, QObject*): LookupService 已初始化
[2026-06-13 22:44:37.748] [DEBUG] [DB] [0x2628] ..\..\..\core\database\DatabaseTableManager.cpp:15 - DatabaseTableManager::DatabaseTableManager(const QString&, const QString&, const QString&, QObject*): DatabaseTableManager 构造，表名:"Words"
[2026-06-13 22:44:37.749] [INFO] [DB] [0x2628] ..\..\..\core\database\DatabaseTableManager.cpp:54 - DatabaseTableManager::DatabaseTableManager(const QString&, const QString&, const QString&, QObject*): 数据库连接成功，表名:"Words" 路径:"euwe_words.db"
[2026-06-13 22:44:37.749] [DEBUG] [DB] [0x2628] ..\..\..\core\database\DatabaseTableManager.cpp:133 - bool DatabaseTableManager::createTableIfNotExists(const QString&): 执行DDL成功:"CREATE TABLE IF NOT EXISTS Words (id INTEGER PRIMA"...
[2026-06-13 22:44:37.749] [INFO] [DB] [0x2628] ..\..\..\core\database\WordDatabaseManager.cpp:35 - WordDatabaseManager::WordDatabaseManager(const QString&, const QString&, const QString&, QObject*): Words 表已就绪，表名:"Words"
[2026-06-13 22:44:37.750] [INFO] [DB] [0x2628] ..\..\..\ui\main\MainController.cpp:68 - void MainController::initBackend(): 熟词库初始化成功
[2026-06-13 22:44:37.750] [DEBUG] [DB] [0x2628] ..\..\..\core\dictionary\LookupService.cpp:13 - LookupService::LookupService(const QSqlDatabase&, QObject*): LookupService 已初始化
[2026-06-13 22:44:52.816] [DEBUG] [DB] [0x2628] ..\..\..\core\database\DatabaseTableManager.cpp:65 - virtual DatabaseTableManager::~DatabaseTableManager(): 数据库连接关闭:"DBMgr_Words_1e161771f00_1e14354ba80"
[2026-06-13 22:44:55.032] [DEBUG] [DB] [0x2fd4] ..\..\..\core\database\DatabaseTableManager.cpp:15 - DatabaseTableManager::DatabaseTableManager(const QString&, const QString&, const QString&, QObject*): DatabaseTableManager 构造，表名:"Words"
[2026-06-13 22:44:55.037] [INFO] [DB] [0x2fd4] ..\..\..\core\database\DatabaseTableManager.cpp:54 - DatabaseTableManager::DatabaseTableManager(const QString&, const QString&, const QString&, QObject*): 数据库连接成功，表名:"Words" 路径:"euwe_words.db"
[2026-06-13 22:44:55.037] [DEBUG] [DB] [0x2fd4] ..\..\..\core\database\DatabaseTableManager.cpp:133 - bool DatabaseTableManager::createTableIfNotExists(const QString&): 执行DDL成功:"CREATE TABLE IF NOT EXISTS Words (id INTEGER PRIMA"...
[2026-06-13 22:44:55.037] [INFO] [DB] [0x2fd4] ..\..\..\core\database\WordDatabaseManager.cpp:35 - WordDatabaseManager::WordDatabaseManager(const QString&, const QString&, const QString&, QObject*): Words 表已就绪，表名:"Words"
[2026-06-13 22:44:55.037] [DEBUG] [DB] [0x2fd4] ..\..\..\core\dictionary\LookupService.cpp:13 - LookupService::LookupService(const QSqlDatabase&, QObject*): LookupService 已初始化
[2026-06-13 22:44:55.353] [DEBUG] [DB] [0x2fd4] ..\..\..\core\database\DatabaseTableManager.cpp:15 - DatabaseTableManager::DatabaseTableManager(const QString&, const QString&, const QString&, QObject*): DatabaseTableManager 构造，表名:"Words"
[2026-06-13 22:44:55.355] [INFO] [DB] [0x2fd4] ..\..\..\core\database\DatabaseTableManager.cpp:54 - DatabaseTableManager::DatabaseTableManager(const QString&, const QString&, const QString&, QObject*): 数据库连接成功，表名:"Words" 路径:"euwe_words.db"
[2026-06-13 22:44:55.356] [DEBUG] [DB] [0x2fd4] ..\..\..\core\database\DatabaseTableManager.cpp:133 - bool DatabaseTableManager::createTableIfNotExists(const QString&): 执行DDL成功:"CREATE TABLE IF NOT EXISTS Words (id INTEGER PRIMA"...
[2026-06-13 22:44:55.356] [INFO] [DB] [0x2fd4] ..\..\..\core\database\WordDatabaseManager.cpp:35 - WordDatabaseManager::WordDatabaseManager(const QString&, const QString&, const QString&, QObject*): Words 表已就绪，表名:"Words"
[2026-06-13 22:44:55.356] [INFO] [DB] [0x2fd4] ..\..\..\ui\main\MainController.cpp:68 - void MainController::initBackend(): 熟词库初始化成功
[2026-06-13 22:44:55.356] [DEBUG] [DB] [0x2fd4] ..\..\..\core\dictionary\LookupService.cpp:13 - LookupService::LookupService(const QSqlDatabase&, QObject*): LookupService 已初始化
[2026-06-13 22:51:40.998] [DEBUG] [DB] [0x2fd4] ..\..\..\core\database\DatabaseTableManager.cpp:65 - virtual DatabaseTableManager::~DatabaseTableManager(): 数据库连接关闭:"DBMgr_Words_11b12e4e9e0_11b74d9ba60"
[2026-06-13 23:59:12.699] [DEBUG] [DB] [0x3810] ..\..\..\core\database\DatabaseTableManager.cpp:17 - DatabaseTableManager::DatabaseTableManager(const QString&, const QString&, const QString&, QObject*): DatabaseTableManager 构造，表名:"Words"
[2026-06-13 23:59:12.703] [INFO] [DB] [0x3810] ..\..\..\core\database\DatabaseTableManager.cpp:56 - DatabaseTableManager::DatabaseTableManager(const QString&, const QString&, const QString&, QObject*): 数据库连接成功，表名:"Words" 路径:"euwe_words.db"
[2026-06-13 23:59:12.704] [DEBUG] [DB] [0x3810] ..\..\..\core\database\DatabaseTableManager.cpp:128 - bool DatabaseTableManager::createTableIfNotExists(const QString&): 执行DDL成功:"CREATE TABLE IF NOT EXISTS Words (id INTEGER PRIMA"...
[2026-06-13 23:59:12.704] [INFO] [DB] [0x3810] ..\..\..\core\database\WordDatabaseManager.cpp:36 - WordDatabaseManager::WordDatabaseManager(const QString&, const QString&, const QString&, QObject*): Words 表已就绪，表名:"Words"
[2026-06-13 23:59:12.704] [DEBUG] [DB] [0x3810] ..\..\..\core\dictionary\LookupService.cpp:13 - LookupService::LookupService(const QSqlDatabase&, QObject*): LookupService 已初始化
[2026-06-13 23:59:12.864] [DEBUG] [DB] [0x3810] ..\..\..\core\database\DatabaseTableManager.cpp:17 - DatabaseTableManager::DatabaseTableManager(const QString&, const QString&, const QString&, QObject*): DatabaseTableManager 构造，表名:"Words"
[2026-06-13 23:59:12.866] [INFO] [DB] [0x3810] ..\..\..\core\database\DatabaseTableManager.cpp:56 - DatabaseTableManager::DatabaseTableManager(const QString&, const QString&, const QString&, QObject*): 数据库连接成功，表名:"Words" 路径:"euwe_words.db"
[2026-06-13 23:59:12.866] [DEBUG] [DB] [0x3810] ..\..\..\core\database\DatabaseTableManager.cpp:128 - bool DatabaseTableManager::createTableIfNotExists(const QString&): 执行DDL成功:"CREATE TABLE IF NOT EXISTS Words (id INTEGER PRIMA"...
[2026-06-13 23:59:12.866] [INFO] [DB] [0x3810] ..\..\..\core\database\WordDatabaseManager.cpp:36 - WordDatabaseManager::WordDatabaseManager(const QString&, const QString&, const QString&, QObject*): Words 表已就绪，表名:"Words"
[2026-06-13 23:59:12.867] [INFO] [DB] [0x3810] ..\..\..\ui\main\MainController.cpp:68 - void MainController::initBackend(): 熟词库初始化成功
[2026-06-13 23:59:12.867] [DEBUG] [DB] [0x3810] ..\..\..\core\dictionary\LookupService.cpp:13 - LookupService::LookupService(const QSqlDatabase&, QObject*): LookupService 已初始化
[2026-06-14 00:00:06.341] [DEBUG] [DB] [0x3810] ..\..\..\core\database\DatabaseTableManager.cpp:67 - virtual DatabaseTableManager::~DatabaseTableManager(): 数据库连接关闭:"DBMgr_Words_1ae4d75a1b0_1ae2f7fba40"
[2026-06-14 07:22:22.599] [DEBUG] [DB] [0x2fb8] ..\..\..\core\database\DatabaseTableManager.cpp:17 - DatabaseTableManager::DatabaseTableManager(const QString&, const QString&, const QString&, QObject*): DatabaseTableManager 构造，表名:"Words"
[2026-06-14 07:22:22.663] [INFO] [DB] [0x2fb8] ..\..\..\core\database\DatabaseTableManager.cpp:56 - DatabaseTableManager::DatabaseTableManager(const QString&, const QString&, const QString&, QObject*): 数据库连接成功，表名:"Words" 路径:"euwe_words.db"
[2026-06-14 07:22:22.663] [DEBUG] [DB] [0x2fb8] ..\..\..\core\database\DatabaseTableManager.cpp:128 - bool DatabaseTableManager::createTableIfNotExists(const QString&): 执行DDL成功:"CREATE TABLE IF NOT EXISTS Words (id INTEGER PRIMA"...
[2026-06-14 07:22:22.663] [INFO] [DB] [0x2fb8] ..\..\..\core\database\WordDatabaseManager.cpp:36 - WordDatabaseManager::WordDatabaseManager(const QString&, const QString&, const QString&, QObject*): Words 表已就绪，表名:"Words"
[2026-06-14 07:22:22.663] [DEBUG] [DB] [0x2fb8] ..\..\..\core\dictionary\LookupService.cpp:13 - LookupService::LookupService(const QSqlDatabase&, QObject*): LookupService 已初始化
[2026-06-14 07:22:23.128] [DEBUG] [DB] [0x2fb8] ..\..\..\core\database\DatabaseTableManager.cpp:17 - DatabaseTableManager::DatabaseTableManager(const QString&, const QString&, const QString&, QObject*): DatabaseTableManager 构造，表名:"Words"
[2026-06-14 07:22:23.129] [INFO] [DB] [0x2fb8] ..\..\..\core\database\DatabaseTableManager.cpp:56 - DatabaseTableManager::DatabaseTableManager(const QString&, const QString&, const QString&, QObject*): 数据库连接成功，表名:"Words" 路径:"euwe_words.db"
[2026-06-14 07:22:23.129] [DEBUG] [DB] [0x2fb8] ..\..\..\core\database\DatabaseTableManager.cpp:128 - bool DatabaseTableManager::createTableIfNotExists(const QString&): 执行DDL成功:"CREATE TABLE IF NOT EXISTS Words (id INTEGER PRIMA"...
[2026-06-14 07:22:23.129] [INFO] [DB] [0x2fb8] ..\..\..\core\database\WordDatabaseManager.cpp:36 - WordDatabaseManager::WordDatabaseManager(const QString&, const QString&, const QString&, QObject*): Words 表已就绪，表名:"Words"
[2026-06-14 07:22:23.129] [INFO] [DB] [0x2fb8] ..\..\..\ui\main\MainController.cpp:68 - void MainController::initBackend(): 熟词库初始化成功
[2026-06-14 07:22:23.129] [DEBUG] [DB] [0x2fb8] ..\..\..\core\dictionary\LookupService.cpp:13 - LookupService::LookupService(const QSqlDatabase&, QObject*): LookupService 已初始化
[2026-06-14 07:27:18.704] [DEBUG] [DB] [0x2fb8] ..\..\..\core\database\DatabaseTableManager.cpp:67 - virtual DatabaseTableManager::~DatabaseTableManager(): 数据库连接关闭:"DBMgr_Words_2162b2f0f00_2160d41bba0"
[2026-06-14 07:27:35.691] [DEBUG] [DB] [0x21a4] ..\..\..\core\database\DatabaseTableManager.cpp:17 - DatabaseTableManager::DatabaseTableManager(const QString&, const QString&, const QString&, QObject*): DatabaseTableManager 构造，表名:"Words"
[2026-06-14 07:27:35.695] [INFO] [DB] [0x21a4] ..\..\..\core\database\DatabaseTableManager.cpp:56 - DatabaseTableManager::DatabaseTableManager(const QString&, const QString&, const QString&, QObject*): 数据库连接成功，表名:"Words" 路径:"euwe_words.db"
[2026-06-14 07:27:35.695] [DEBUG] [DB] [0x21a4] ..\..\..\core\database\DatabaseTableManager.cpp:128 - bool DatabaseTableManager::createTableIfNotExists(const QString&): 执行DDL成功:"CREATE TABLE IF NOT EXISTS Words (id INTEGER PRIMA"...
[2026-06-14 07:27:35.695] [INFO] [DB] [0x21a4] ..\..\..\core\database\WordDatabaseManager.cpp:36 - WordDatabaseManager::WordDatabaseManager(const QString&, const QString&, const QString&, QObject*): Words 表已就绪，表名:"Words"
[2026-06-14 07:27:35.696] [DEBUG] [DB] [0x21a4] ..\..\..\core\dictionary\LookupService.cpp:13 - LookupService::LookupService(const QSqlDatabase&, QObject*): LookupService 已初始化
[2026-06-14 07:27:36.019] [DEBUG] [DB] [0x21a4] ..\..\..\core\database\DatabaseTableManager.cpp:17 - DatabaseTableManager::DatabaseTableManager(const QString&, const QString&, const QString&, QObject*): DatabaseTableManager 构造，表名:"Words"
[2026-06-14 07:27:36.020] [INFO] [DB] [0x21a4] ..\..\..\core\database\DatabaseTableManager.cpp:56 - DatabaseTableManager::DatabaseTableManager(const QString&, const QString&, const QString&, QObject*): 数据库连接成功，表名:"Words" 路径:"euwe_words.db"
[2026-06-14 07:27:36.020] [DEBUG] [DB] [0x21a4] ..\..\..\core\database\DatabaseTableManager.cpp:128 - bool DatabaseTableManager::createTableIfNotExists(const QString&): 执行DDL成功:"CREATE TABLE IF NOT EXISTS Words (id INTEGER PRIMA"...
[2026-06-14 07:27:36.020] [INFO] [DB] [0x21a4] ..\..\..\core\database\WordDatabaseManager.cpp:36 - WordDatabaseManager::WordDatabaseManager(const QString&, const QString&, const QString&, QObject*): Words 表已就绪，表名:"Words"
[2026-06-14 07:27:36.020] [INFO] [DB] [0x21a4] ..\..\..\ui\main\MainController.cpp:68 - void MainController::initBackend(): 熟词库初始化成功
[2026-06-14 07:27:36.020] [DEBUG] [DB] [0x21a4] ..\..\..\core\dictionary\LookupService.cpp:13 - LookupService::LookupService(const QSqlDatabase&, QObject*): LookupService 已初始化
