[2026-06-13 22:36:30.868] [INFO] [GEN] [0x5a98] ..\..\..\tests\main.cpp:53 - void initAllLogging(): 日志系统初始化完成，所有分类已注册
[2026-06-13 22:36:30.868] [INFO] [GEN] [0x5a98] ..\..\..\tests\main.cpp:53 - void initAllLogging(): 日志系统初始化完成，所有分类已注册
[2026-06-13 22:36:30.874] [DEBUG] [DB] [0x5a98] ..\..\..\core\database\DatabaseTableManager.cpp:15 - DatabaseTableManager::DatabaseTableManager(const QString&, const QString&, const QString&, QObject*): DatabaseTableManager 构造，表名:"Words"
[2026-06-13 22:36:30.878] [INFO] [DB] [0x5a98] ..\..\..\core\database\DatabaseTableManager.cpp:54 - DatabaseTableManager::DatabaseTableManager(const QString&, const QString&, const QString&, QObject*): 数据库连接成功，表名:"Words" 路径:"euwe_words.db"
[2026-06-13 22:36:30.879] [DEBUG] [DB] [0x5a98] ..\..\..\core\database\DatabaseTableManager.cpp:133 - bool DatabaseTableManager::createTableIfNotExists(const QString&): 执行DDL成功:"CREATE TABLE IF NOT EXISTS Words (id INTEGER PRIMA"...
[2026-06-13 22:36:30.880] [INFO] [DB] [0x5a98] ..\..\..\core\database\WordDatabaseManager.cpp:35 - WordDatabaseManager::WordDatabaseManager(const QString&, const QString&, const QString&, QObject*): Words 表已就绪，表名:"Words"
[2026-06-13 22:36:30.880] [DEBUG] [DB] [0x5a98] ..\..\..\core\dictionary\LookupService.cpp:13 - LookupService::LookupService(const QSqlDatabase&, QObject*): LookupService 已初始化
[2026-06-13 22:36:31.186] [DEBUG] [DB] [0x5a98] ..\..\..\core\database\DatabaseTableManager.cpp:15 - DatabaseTableManager::DatabaseTableManager(const QString&, const QString&, const QString&, QObject*): DatabaseTableManager 构造，表名:"Words"
[2026-06-13 22:36:31.187] [INFO] [DB] [0x5a98] ..\..\..\core\database\DatabaseTableManager.cpp:54 - DatabaseTableManager::DatabaseTableManager(const QString&, const QString&, const QString&, QObject*): 数据库连接成功，表名:"Words" 路径:"euwe_words.db"
[2026-06-13 22:36:31.187] [DEBUG] [DB] [0x5a98] ..\..\..\core\database\DatabaseTableManager.cpp:133 - bool DatabaseTableManager::createTableIfNotExists(const QString&): 执行DDL成功:"CREATE TABLE IF NOT EXISTS Words (id INTEGER PRIMA"...
[2026-06-13 22:36:31.188] [INFO] [DB] [0x5a98] ..\..\..\core\database\WordDatabaseManager.cpp:35 - WordDatabaseManager::WordDatabaseManager(const QString&, const QString&, const QString&, QObject*): Words 表已就绪，表名:"Words"
[2026-06-13 22:36:31.188] [INFO] [DB] [0x5a98] ..\..\..\ui\main\MainController.cpp:68 - void MainController::initBackend(): 熟词库初始化成功
[2026-06-13 22:36:31.188] [DEBUG] [DB] [0x5a98] ..\..\..\core\dictionary\LookupService.cpp:13 - LookupService::LookupService(const QSqlDatabase&, QObject*): LookupService 已初始化
[2026-06-13 22:37:14.821] [DEBUG] [DB] [0x5a98] ..\..\..\core\database\DatabaseTableManager.cpp:65 - virtual DatabaseTableManager::~DatabaseTableManager(): 数据库连接关闭:"DBMgr_Words_210c81f9ff0_210aa10b9c0"
[2026-06-13 22:37:50.442] [INFO] [GEN] [0x3e40] ..\..\..\tests\main.cpp:53 - void initAllLogging(): 日志系统初始化完成，所有分类已注册
[2026-06-13 22:37:50.442] [INFO] [GEN] [0x3e40] ..\..\..\tests\main.cpp:53 - void initAllLogging(): 日志系统初始化完成，所有分类已注册
[2026-06-13 22:37:50.448] [DEBUG] [DB] [0x3e40] ..\..\..\core\database\DatabaseTableManager.cpp:15 - DatabaseTableManager::DatabaseTableManager(const QString&, const QString&, const QString&, QObject*): DatabaseTableManager 构造，表名:"Words"
[2026-06-13 22:37:50.452] [INFO] [DB] [0x3e40] ..\..\..\core\database\DatabaseTableManager.cpp:54 - DatabaseTableManager::DatabaseTableManager(const QString&, const QString&, const QString&, QObject*): 数据库连接成功，表名:"Words" 路径:"euwe_words.db"
[2026-06-13 22:37:50.453] [DEBUG] [DB] [0x3e40] ..\..\..\core\database\DatabaseTableManager.cpp:133 - bool DatabaseTableManager::createTableIfNotExists(const QString&): 执行DDL成功:"CREATE TABLE IF NOT EXISTS Words (id INTEGER PRIMA"...
[2026-06-13 22:37:50.453] [INFO] [DB] [0x3e40] ..\..\..\core\database\WordDatabaseManager.cpp:35 - WordDatabaseManager::WordDatabaseManager(const QString&, const QString&, const QString&, QObject*): Words 表已就绪，表名:"Words"
[2026-06-13 22:37:50.453] [DEBUG] [DB] [0x3e40] ..\..\..\core\dictionary\LookupService.cpp:13 - LookupService::LookupService(const QSqlDatabase&, QObject*): LookupService 已初始化
[2026-06-13 22:37:50.743] [DEBUG] [DB] [0x3e40] ..\..\..\core\database\DatabaseTableManager.cpp:15 - DatabaseTableManager::DatabaseTableManager(const QString&, const QString&, const QString&, QObject*): DatabaseTableManager 构造，表名:"Words"
[2026-06-13 22:37:50.744] [INFO] [DB] [0x3e40] ..\..\..\core\database\DatabaseTableManager.cpp:54 - DatabaseTableManager::DatabaseTableManager(const QString&, const QString&, const QString&, QObject*): 数据库连接成功，表名:"Words" 路径:"euwe_words.db"
[2026-06-13 22:37:50.744] [DEBUG] [DB] [0x3e40] ..\..\..\core\database\DatabaseTableManager.cpp:133 - bool DatabaseTableManager::createTableIfNotExists(const QString&): 执行DDL成功:"CREATE TABLE IF NOT EXISTS Words (id INTEGER PRIMA"...
[2026-06-13 22:37:50.745] [INFO] [DB] [0x3e40] ..\..\..\core\database\WordDatabaseManager.cpp:35 - WordDatabaseManager::WordDatabaseManager(const QString&, const QString&, const QString&, QObject*): Words 表已就绪，表名:"Words"
[2026-06-13 22:37:50.745] [INFO] [DB] [0x3e40] ..\..\..\ui\main\MainController.cpp:68 - void MainController::initBackend(): 熟词库初始化成功
[2026-06-13 22:37:50.745] [DEBUG] [DB] [0x3e40] ..\..\..\core\dictionary\LookupService.cpp:13 - LookupService::LookupService(const QSqlDatabase&, QObject*): LookupService 已初始化
[2026-06-13 22:42:00.500] [DEBUG] [DB] [0x3e40] ..\..\..\core\database\DatabaseTableManager.cpp:65 - virtual DatabaseTableManager::~DatabaseTableManager(): 数据库连接关闭:"DBMgr_Words_24ff51edf80_24fd722bbe0"
[2026-06-13 22:42:15.159] [INFO] [GEN] [0x29c8] ..\..\..\tests\main.cpp:53 - void initAllLogging(): 日志系统初始化完成，所有分类已注册
[2026-06-13 22:42:15.159] [INFO] [GEN] [0x29c8] ..\..\..\tests\main.cpp:53 - void initAllLogging(): 日志系统初始化完成，所有分类已注册
[2026-06-13 22:42:15.169] [DEBUG] [DB] [0x29c8] ..\..\..\core\database\DatabaseTableManager.cpp:15 - DatabaseTableManager::DatabaseTableManager(const QString&, const QString&, const QString&, QObject*): DatabaseTableManager 构造，表名:"Words"
[2026-06-13 22:42:15.175] [INFO] [DB] [0x29c8] ..\..\..\core\database\DatabaseTableManager.cpp:54 - DatabaseTableManager::DatabaseTableManager(const QString&, const QString&, const QString&, QObject*): 数据库连接成功，表名:"Words" 路径:"euwe_words.db"
[2026-06-13 22:42:15.175] [DEBUG] [DB] [0x29c8] ..\..\..\core\database\DatabaseTableManager.cpp:133 - bool DatabaseTableManager::createTableIfNotExists(const QString&): 执行DDL成功:"CREATE TABLE IF NOT EXISTS Words (id INTEGER PRIMA"...
[2026-06-13 22:42:15.176] [INFO] [DB] [0x29c8] ..\..\..\core\database\WordDatabaseManager.cpp:35 - WordDatabaseManager::WordDatabaseManager(const QString&, const QString&, const QString&, QObject*): Words 表已就绪，表名:"Words"
[2026-06-13 22:42:15.176] [DEBUG] [DB] [0x29c8] ..\..\..\core\dictionary\LookupService.cpp:13 - LookupService::LookupService(const QSqlDatabase&, QObject*): LookupService 已初始化
[2026-06-13 22:42:15.473] [DEBUG] [DB] [0x29c8] ..\..\..\core\database\DatabaseTableManager.cpp:15 - DatabaseTableManager::DatabaseTableManager(const QString&, const QString&, const QString&, QObject*): DatabaseTableManager 构造，表名:"Words"
[2026-06-13 22:42:15.475] [INFO] [DB] [0x29c8] ..\..\..\core\database\DatabaseTableManager.cpp:54 - DatabaseTableManager::DatabaseTableManager(const QString&, const QString&, const QString&, QObject*): 数据库连接成功，表名:"Words" 路径:"euwe_words.db"
[2026-06-13 22:42:15.475] [DEBUG] [DB] [0x29c8] ..\..\..\core\database\DatabaseTableManager.cpp:133 - bool DatabaseTableManager::createTableIfNotExists(const QString&): 执行DDL成功:"CREATE TABLE IF NOT EXISTS Words (id INTEGER PRIMA"...
[2026-06-13 22:42:15.475] [INFO] [DB] [0x29c8] ..\..\..\core\database\WordDatabaseManager.cpp:35 - WordDatabaseManager::WordDatabaseManager(const QString&, const QString&, const QString&, QObject*): Words 表已就绪，表名:"Words"
[2026-06-13 22:42:15.475] [INFO] [DB] [0x29c8] ..\..\..\ui\main\MainController.cpp:68 - void MainController::initBackend(): 熟词库初始化成功
[2026-06-13 22:42:15.475] [DEBUG] [DB] [0x29c8] ..\..\..\core\dictionary\LookupService.cpp:13 - LookupService::LookupService(const QSqlDatabase&, QObject*): LookupService 已初始化
[2026-06-13 22:42:45.411] [DEBUG] [DB] [0x29c8] ..\..\..\core\database\DatabaseTableManager.cpp:65 - virtual DatabaseTableManager::~DatabaseTableManager(): 数据库连接关闭:"DBMgr_Words_14e4bc21750_14e2dc3bb20"
